✔ open path: relative paths are rejected without consulting cwd (2.326827ms)
✔ open path: malformed absolute paths are rejected (14.625307ms)
✔ open path: a missing parent directory fails loudly and creates nothing (0.933679ms)
✔ open path: the database file itself is created when the parent exists (19.669924ms)
✔ open path: two symlinked paths to one database observe one committed state (49.117284ms)
✔ sqlite version gate is derived from the features used, and compares numerically (0.282149ms)
✔ every SQL feature the floor is derived from actually works at the floor (59.063224ms)
✔ the live driver satisfies the gate the engine enforces (0.478245ms)
✔ every connection asserts its mandatory pragmas by reading them back (16.028386ms)
✖ a database left in WAL is refused, not converted (64.342711ms)
✔ the protocol depends on no -wal or -shm sidecar, at rest or mid-transaction (56.514079ms)
✔ session ids: accepted and rejected character sets (79.13283ms)
✔ the address space is flat and global within one database path (55.135799ms)
✔ session ids: a non-string id is rejected in memory, never coerced by SQLite affinity (18.459985ms)
✔ initialize is idempotent and retirement is terminal (40.879038ms)
✔ enqueue to an unknown address fails and creates neither address nor message (17.073072ms)
✔ retirement keeps the tombstone and the whole history readable (80.008913ms)
✔ message_id is protocol-generated; a producer-supplied one is refused (5781.227103ms)
✔ payload_hash preimage is reproducible from the written specification alone (41.532668ms)
✔ header order on input never changes the hash; header keys are ASCII-only (47.446712ms)
✔ body must be explicit bytes; a string is not an encoding the protocol guesses (26.793179ms)
✔ body and headers round-trip byte-exactly, including embedded NULs (43.252949ms)
✔ exact idempotent replay returns the first row; changed bytes conflict (40.401474ms)
✔ an honest retry must not be punished for minting a fresh message id (33.997519ms)
✔ unkeyed messages coexist without limit (83.691686ms)
✔ FIFO order, and null means exactly one thing (67.369498ms)
✔ readMessages cursor is stable and validated (73.091972ms)
✔ size ceilings are enforced before any write (56.393011ms)
✔ each migration checksums only its own bytes (0.309323ms)
✔ migration replay against an already-migrated database is a no-op (23.297579ms)
✔ a rewritten migration checksum fails before any protocol read or write (24.944179ms)
✔ a future schema generation is refused rather than half-understood (28.244138ms)
✔ protocol tables the registry does not account for are a loud inconsistency (25.553264ms)
✔ an adopter component may share schema_migrations without colliding (30.450551ms)
✔ a read-only handle reads and refuses every write (34.570142ms)
✔ a read-only handle refuses an unmigrated database instead of guessing (0.691945ms)
✔ a corrupt database fails loudly and is never reported as an empty queue (2387.712012ms)
✔ the transaction body is synchronous only: a promise-returning callback is refused (19.821042ms)
✔ an adopter table mutation and enqueue commit or roll back together (40.586699ms)
✔ every declared index is the one the planner actually uses (13.718325ms)
✔ protocol core neither performs nor claims a storage-locality determination (0.906667ms)
✔ the adopter path resolver fails closed, not open (4.194762ms)
✔ a reader is not blocked by an open write, and sees only committed state (40.827485ms)
✔ write contention surfaces as a loud busy error, never as an empty result (132.616789ms)
✔ an unwritable database directory fails loudly at open (0.796753ms)
ℹ tests 45
ℹ suites 0
ℹ pass 44
ℹ fail 1
ℹ cancelled 0
ℹ skipped 0
ℹ todo 0
ℹ duration_ms 9820.108632

✖ failing tests:

test at test/engine.test.mjs:156:1
✖ a database left in WAL is refused, not converted (64.342711ms)
  AssertionError [ERR_ASSERTION]: Expected values to be strictly equal:
  + actual - expected
  
  + null
  - 'PROTOCOL_JOURNAL_MODE_UNSUPPORTED'
  
      at TestContext.<anonymous> (file:///home/jeffry/spexcode/.worktrees/session-protocol-de57/spikes/sqlite-m2/test/engine.test.mjs:162:10)
      at Test.runInAsyncScope (node:async_hooks:227:14)
      at Test.run (node:internal/test_runner/test:1201:25)
      at Test.processPendingSubtests (node:internal/test_runner/test:831:18)
      at Test.postRun (node:internal/test_runner/test:1330:19)
      at Test.run (node:internal/test_runner/test:1258:12)
      at async Test.processPendingSubtests (node:internal/test_runner/test:831:7) {
    generatedMessage: true,
    code: 'ERR_ASSERTION',
    actual: null,
    expected: 'PROTOCOL_JOURNAL_MODE_UNSUPPORTED',
    operator: 'strictEqual',
    diff: 'simple'
  }
exit=1
