node:internal/modules/run_main:123
    triggerUncaughtException(
    ^

AssertionError [ERR_ASSERTION]: FAIL-FIRST ASSERTION: committed attach must be visible to recipient resolution
+ actual - expected

+ []
- [
-   'source-a'
- ]

    at file:///home/jeffry/spexcode/.worktrees/%E4%BD%A0%E6%98%AF-session-platform-%E7%94%9F%E4%BA%A7%E5%AE%9E%E6%96%BD-lane-B-neutral-topolog-bcb8/packages/session-topology/scripts/fail-first.mjs:20:8
    at ModuleJob.run (node:internal/modules/esm/module_job:343:25)
    at async onImport.tracePromise.__proto__ (node:internal/modules/esm/loader:665:26)
    at async asyncRunEntryPointWithESMLoader (node:internal/modules/run_main:117:5) {
  generatedMessage: false,
  code: 'ERR_ASSERTION',
  actual: [],
  expected: [ 'source-a' ],
  operator: 'deepStrictEqual',
  diff: 'simple'
}

Node.js v22.21.0
