runtime file-access trace proof
date=2026-08-19
kernel_yama_ptrace_scope=1
selected=/usr/bin/strace -f -qq -e trace=%file -s 4096
fixture=/tmp/legacy-http-trace.ZHrPEy (disposable SPEXCODE_HOME copy)
surface_1=GET /api/sessions/bbb98193-d211-41e4-b82f-da4997cd6905
surface_2=GET /api/sessions/bbb98193-d211-41e4-b82f-da4997cd6905/timeline
surface_3=backend delivery sweep over fixture pending.json=[]

successful open examples from the captured trace:
2641333 openat(AT_FDCWD, "/tmp/legacy-http-trace.ZHrPEy/home/projects/-home-jeffry-spexcode/sessions/bbb98193-d211-41e4-b82f-da4997cd6905/session.json", O_RDONLY|O_CLOEXEC) = 24
2641333 openat(AT_FDCWD, "/tmp/legacy-http-trace.ZHrPEy/home/projects/-home-jeffry-spexcode/sessions/bbb98193-d211-41e4-b82f-da4997cd6905/pending.json", O_RDONLY|O_CLOEXEC) = 27
2641333 openat(AT_FDCWD, "/tmp/legacy-http-trace.ZHrPEy/home/projects/-home-jeffry-spexcode/sessions/bbb98193-d211-41e4-b82f-da4997cd6905/timeline/000000000001.ndjson", O_RDONLY|O_CLOEXEC) = 22

successful_open_counts_in_complete_trace:
session.json=1301
pending.json=29
timeline/=1

bpftrace probe:
command=/usr/bin/bpftrace -e 'BEGIN { printf("bpftrace-probe-ok\\n"); exit(); }'
exit=1
stderr=ERROR: bpftrace currently only supports running as the root user.
