node:internal/modules/cjs/loader:1479
  throw err;
  ^

Error: Cannot find module '/home/jeffry/spexcode/.worktrees/session-runtime-189f/file:/home/jeffry/spexcode/.worktrees/session-runtime-189f/spikes/adopter-api/self-launch-cli.mjs'
    at Module._resolveFilename (node:internal/modules/cjs/loader:1476:15)
    at wrapResolveFilename (node:internal/modules/cjs/loader:1049:27)
    at defaultResolveImplForCJSLoading (node:internal/modules/cjs/loader:1073:10)
    at resolveForCJSWithHooks (node:internal/modules/cjs/loader:1094:12)
    at Module._load (node:internal/modules/cjs/loader:1262:25)
    at wrapModuleLoad (node:internal/modules/cjs/loader:255:19)
    at Module.executeUserEntryPoint [as runMain] (node:internal/modules/run_main:154:5)
    at node:internal/main/run_main_module:33:47 {
  code: 'MODULE_NOT_FOUND',
  requireStack: []
}

Node.js v24.15.0
node:internal/errors:985
  const err = new Error(message);
              ^

Error: Command failed: /home/jeffry/.local/node-dist/node-v24.15.0-linux-x64/bin/node file:///home/jeffry/spexcode/.worktrees/session-runtime-189f/spikes/adopter-api/self-launch-cli.mjs initialize --database-path /tmp/adopter-self-launch-ioZtN5/sessions.sqlite --session-id self-1
node:internal/modules/cjs/loader:1479
  throw err;
  ^

Error: Cannot find module '/home/jeffry/spexcode/.worktrees/session-runtime-189f/file:/home/jeffry/spexcode/.worktrees/session-runtime-189f/spikes/adopter-api/self-launch-cli.mjs'
    at Module._resolveFilename (node:internal/modules/cjs/loader:1476:15)
    at wrapResolveFilename (node:internal/modules/cjs/loader:1049:27)
    at defaultResolveImplForCJSLoading (node:internal/modules/cjs/loader:1073:10)
    at resolveForCJSWithHooks (node:internal/modules/cjs/loader:1094:12)
    at Module._load (node:internal/modules/cjs/loader:1262:25)
    at wrapModuleLoad (node:internal/modules/cjs/loader:255:19)
    at Module.executeUserEntryPoint [as runMain] (node:internal/modules/run_main:154:5)
    at node:internal/main/run_main_module:33:47 {
  code: 'MODULE_NOT_FOUND',
  requireStack: []
}

Node.js v24.15.0

    at genericNodeError (node:internal/errors:985:15)
    at wrappedFn (node:internal/errors:539:14)
    at checkExecSyncError (node:child_process:925:11)
    at execFileSync (node:child_process:961:15)
    at run (file:///home/jeffry/spexcode/.worktrees/session-runtime-189f/spikes/adopter-api/self-launch-contract.mjs:11:10)
    at json (file:///home/jeffry/spexcode/.worktrees/session-runtime-189f/spikes/adopter-api/self-launch-contract.mjs:18:21)
    at file:///home/jeffry/spexcode/.worktrees/session-runtime-189f/spikes/adopter-api/self-launch-contract.mjs:22:23
    at ModuleJob.run (node:internal/modules/esm/module_job:437:25)
    at async node:internal/modules/esm/loader:639:26
    at async asyncRunEntryPointWithESMLoader (node:internal/modules/run_main:101:5) {
  status: 1,
  signal: null,
  output: [
    null,
    '',
    'node:internal/modules/cjs/loader:1479\n' +
      '  throw err;\n' +
      '  ^\n' +
      '\n' +
      "Error: Cannot find module '/home/jeffry/spexcode/.worktrees/session-runtime-189f/file:/home/jeffry/spexcode/.worktrees/session-runtime-189f/spikes/adopter-api/self-launch-cli.mjs'\n" +
      '    at Module._resolveFilename (node:internal/modules/cjs/loader:1476:15)\n' +
      '    at wrapResolveFilename (node:internal/modules/cjs/loader:1049:27)\n' +
      '    at defaultResolveImplForCJSLoading (node:internal/modules/cjs/loader:1073:10)\n' +
      '    at resolveForCJSWithHooks (node:internal/modules/cjs/loader:1094:12)\n' +
      '    at Module._load (node:internal/modules/cjs/loader:1262:25)\n' +
      '    at wrapModuleLoad (node:internal/modules/cjs/loader:255:19)\n' +
      '    at Module.executeUserEntryPoint [as runMain] (node:internal/modules/run_main:154:5)\n' +
      '    at node:internal/main/run_main_module:33:47 {\n' +
      "  code: 'MODULE_NOT_FOUND',\n" +
      '  requireStack: []\n' +
      '}\n' +
      '\n' +
      'Node.js v24.15.0\n'
  ],
  pid: 2639968,
  stdout: '',
  stderr: 'node:internal/modules/cjs/loader:1479\n' +
    '  throw err;\n' +
    '  ^\n' +
    '\n' +
    "Error: Cannot find module '/home/jeffry/spexcode/.worktrees/session-runtime-189f/file:/home/jeffry/spexcode/.worktrees/session-runtime-189f/spikes/adopter-api/self-launch-cli.mjs'\n" +
    '    at Module._resolveFilename (node:internal/modules/cjs/loader:1476:15)\n' +
    '    at wrapResolveFilename (node:internal/modules/cjs/loader:1049:27)\n' +
    '    at defaultResolveImplForCJSLoading (node:internal/modules/cjs/loader:1073:10)\n' +
    '    at resolveForCJSWithHooks (node:internal/modules/cjs/loader:1094:12)\n' +
    '    at Module._load (node:internal/modules/cjs/loader:1262:25)\n' +
    '    at wrapModuleLoad (node:internal/modules/cjs/loader:255:19)\n' +
    '    at Module.executeUserEntryPoint [as runMain] (node:internal/modules/run_main:154:5)\n' +
    '    at node:internal/main/run_main_module:33:47 {\n' +
    "  code: 'MODULE_NOT_FOUND',\n" +
    '  requireStack: []\n' +
    '}\n' +
    '\n' +
    'Node.js v24.15.0\n'
}

Node.js v24.15.0
