npm warn Unknown env config "no-proxy". This will stop working in the next major version of npm. See `npm help npmrc` for supported config options.

> test
> node --test --experimental-sqlite test/contract.test.mjs

node:internal/modules/esm/resolve:271
    throw new ERR_MODULE_NOT_FOUND(
          ^

Error [ERR_MODULE_NOT_FOUND]: Cannot find module '/home/jeffry/spexcode/.worktrees/session-protocol-3683/spikes/sqlite-m1/protocol.mjs' imported from /home/jeffry/spexcode/.worktrees/session-protocol-3683/spikes/sqlite-m1/test/contract.test.mjs
    at finalizeResolution (node:internal/modules/esm/resolve:271:11)
    at moduleResolve (node:internal/modules/esm/resolve:861:10)
    at defaultResolve (node:internal/modules/esm/resolve:988:11)
    at #cachedDefaultResolve (node:internal/modules/esm/loader:697:20)
    at #resolveAndMaybeBlockOnLoaderThread (node:internal/modules/esm/loader:714:38)
    at ModuleLoader.resolveSync (node:internal/modules/esm/loader:746:52)
    at #resolve (node:internal/modules/esm/loader:679:17)
    at ModuleLoader.getOrCreateModuleJob (node:internal/modules/esm/loader:599:35)
    at ModuleJob.syncLink (node:internal/modules/esm/module_job:162:33)
    at ModuleJob.link (node:internal/modules/esm/module_job:252:17) {
  code: 'ERR_MODULE_NOT_FOUND',
  url: 'file:///home/jeffry/spexcode/.worktrees/session-protocol-3683/spikes/sqlite-m1/protocol.mjs'
}

Node.js v24.15.0
✖ test/contract.test.mjs (63.209526ms)
ℹ tests 1
ℹ suites 0
ℹ pass 0
ℹ fail 1
ℹ cancelled 0
ℹ skipped 0
ℹ todo 0
ℹ duration_ms 73.736543

✖ failing tests:

test at test/contract.test.mjs:1:1
✖ test/contract.test.mjs (63.209526ms)
  'test failed'
