✔ open path: relative paths are rejected without consulting cwd (2.564594ms)
✔ open path: malformed absolute paths are rejected (27.884664ms)
✔ open path: a missing parent directory fails loudly and creates nothing (1.042653ms)
✔ open path: the database file itself is created when the parent exists (16.783363ms)
✔ open path: two symlinked paths to one database observe one committed state (29.938902ms)
✔ sqlite version gate compares numerically, not lexicographically (0.456277ms)
✔ the live driver satisfies the gate the engine enforces (0.765905ms)
✔ every connection asserts its mandatory pragmas by reading them back (20.393501ms)
✔ session ids: accepted and rejected character sets (28.905561ms)
✔ the address space is flat and global within one database path (33.037267ms)
✖ session ids: a non-string id is rejected in memory, never coerced by SQLite affinity (18.991413ms)
✔ initialize is idempotent and retirement is terminal (25.512413ms)
✔ enqueue to an unknown address fails and creates neither address nor message (19.74983ms)
✔ retirement keeps the tombstone and the whole history readable (27.436816ms)
✖ message_id is protocol-generated; a producer-supplied one is refused (24.726084ms)
✖ payload_hash preimage is reproducible from the written specification alone (28.602262ms)
✖ header order on input never changes the hash; header keys are ASCII-only (21.539563ms)
✔ body must be explicit bytes; a string is not an encoding the protocol guesses (26.047403ms)
✔ body and headers round-trip byte-exactly, including embedded NULs (27.368384ms)
✖ exact idempotent replay returns the first row; changed bytes conflict (22.593017ms)
✖ an honest retry must not be punished for minting a fresh message id (19.975148ms)
✔ unkeyed messages coexist without limit (51.57186ms)
✔ FIFO order, and null means exactly one thing (36.872191ms)
✔ readMessages cursor is stable and validated (29.968105ms)
✔ size ceilings are enforced before any write (51.142864ms)
✔ each migration checksums only its own bytes (0.396338ms)
✖ migration replay against an already-migrated database is a no-op (18.124104ms)
✖ a rewritten migration checksum fails before any protocol read or write (15.359016ms)
✖ a future schema generation is refused rather than half-understood (13.888695ms)
✖ protocol tables the registry does not account for are a loud inconsistency (22.002729ms)
✖ an adopter component may share schema_migrations without colliding (15.875446ms)
✔ a read-only handle reads and refuses every write (24.777319ms)
✔ a read-only handle refuses an unmigrated database instead of guessing (0.635628ms)
✔ a corrupt database fails loudly and is never reported as an empty queue (679.641457ms)
✔ the transaction body is synchronous only: a promise-returning callback is refused (26.366985ms)
✖ an adopter table mutation and enqueue commit or roll back together (17.946285ms)
✔ every declared index is the one the planner actually uses (16.922626ms)
✔ the network-filesystem deny list is a table, not a guess (0.24747ms)
✖ write contention surfaces as a loud busy error, never as an empty result (22.378608ms)
✔ an unwritable database directory fails loudly at open (4.224047ms)
ℹ tests 40
ℹ suites 0
ℹ pass 27
ℹ fail 13
ℹ cancelled 0
ℹ skipped 0
ℹ todo 0
ℹ duration_ms 1660.673948

✖ failing tests:

test at test/engine.test.mjs:178:1
✖ session ids: a non-string id is rejected in memory, never coerced by SQLite affinity (18.991413ms)
  TypeError: Cannot read properties of undefined (reading 'open')
      at rawOpen (file:///home/jeffry/spexcode/.worktrees/session-protocol-de57/spikes/sqlite-m2/test/engine.test.mjs:35:38)
      at TestContext.<anonymous> (file:///home/jeffry/spexcode/.worktrees/session-protocol-de57/spikes/sqlite-m2/test/engine.test.mjs:185:15)
      at Test.runInAsyncScope (node:async_hooks:227:14)
      at Test.run (node:internal/test_runner/test:1201:25)
      at Test.processPendingSubtests (node:internal/test_runner/test:831:18)
      at Test.postRun (node:internal/test_runner/test:1330:19)
      at Test.run (node:internal/test_runner/test:1258:12)
      at async Test.processPendingSubtests (node:internal/test_runner/test:831:7)

test at test/engine.test.mjs:228:1
✖ message_id is protocol-generated; a producer-supplied one is refused (24.726084ms)
  AssertionError [ERR_ASSERTION]: Expected values to be strictly equal:
  + actual - expected
  
  + 'PROTOCOL_SQLITE_ERROR'
  - 'PROTOCOL_MESSAGE_INVALID'
              ^
  
      at TestContext.<anonymous> (file:///home/jeffry/spexcode/.worktrees/session-protocol-de57/spikes/sqlite-m2/test/engine.test.mjs:231:10)
      at Test.runInAsyncScope (node:async_hooks:227:14)
      at Test.run (node:internal/test_runner/test:1201:25)
      at Test.processPendingSubtests (node:internal/test_runner/test:831:18)
      at Test.postRun (node:internal/test_runner/test:1330:19)
      at Test.run (node:internal/test_runner/test:1258:12)
      at async Test.processPendingSubtests (node:internal/test_runner/test:831:7) {
    generatedMessage: true,
    code: 'ERR_ASSERTION',
    actual: 'PROTOCOL_SQLITE_ERROR',
    expected: 'PROTOCOL_MESSAGE_INVALID',
    operator: 'strictEqual',
    diff: 'simple'
  }

test at test/engine.test.mjs:244:1
✖ payload_hash preimage is reproducible from the written specification alone (28.602262ms)
  AssertionError [ERR_ASSERTION]: Expected values to be strictly equal:
  + actual - expected
  
  + '2fa09e33217242f5ae4d223d3c6390bfd0ea3ef4d17285156ccc7e53f4bed1c2'
  - 'e613fb1b5a9fdcc92630e1331227c55e6c841c3da8cdacf618758f83e8ac7b6b'
  
      at TestContext.<anonymous> (file:///home/jeffry/spexcode/.worktrees/session-protocol-de57/spikes/sqlite-m2/test/engine.test.mjs:278:10)
      at Test.runInAsyncScope (node:async_hooks:227:14)
      at Test.run (node:internal/test_runner/test:1201:25)
      at Test.processPendingSubtests (node:internal/test_runner/test:831:18)
      at Test.postRun (node:internal/test_runner/test:1330:19)
      at Test.run (node:internal/test_runner/test:1258:12)
      at async Test.processPendingSubtests (node:internal/test_runner/test:831:7) {
    generatedMessage: true,
    code: 'ERR_ASSERTION',
    actual: '2fa09e33217242f5ae4d223d3c6390bfd0ea3ef4d17285156ccc7e53f4bed1c2',
    expected: 'e613fb1b5a9fdcc92630e1331227c55e6c841c3da8cdacf618758f83e8ac7b6b',
    operator: 'strictEqual',
    diff: 'simple'
  }

test at test/engine.test.mjs:282:1
✖ header order on input never changes the hash; header keys are ASCII-only (21.539563ms)
  AssertionError [ERR_ASSERTION]: Expected values to be strictly equal:
  + actual - expected
  
  + '59bd3b0c87f7c100a87f7305fad6248886136c6631e262898a472b50ce63cb01'
  - 'ef1e84c20d650f375a16d74543405e7867e19f012d96e9450d7d7620dc250194'
  
      at TestContext.<anonymous> (file:///home/jeffry/spexcode/.worktrees/session-protocol-de57/spikes/sqlite-m2/test/engine.test.mjs:287:10)
      at Test.runInAsyncScope (node:async_hooks:227:14)
      at Test.run (node:internal/test_runner/test:1201:25)
      at Test.processPendingSubtests (node:internal/test_runner/test:831:18)
      at Test.postRun (node:internal/test_runner/test:1330:19)
      at Test.run (node:internal/test_runner/test:1258:12)
      at async Test.processPendingSubtests (node:internal/test_runner/test:831:7) {
    generatedMessage: true,
    code: 'ERR_ASSERTION',
    actual: '59bd3b0c87f7c100a87f7305fad6248886136c6631e262898a472b50ce63cb01',
    expected: 'ef1e84c20d650f375a16d74543405e7867e19f012d96e9450d7d7620dc250194',
    operator: 'strictEqual',
    diff: 'simple'
  }

test at test/engine.test.mjs:315:1
✖ exact idempotent replay returns the first row; changed bytes conflict (22.593017ms)
  Error [ProtocolError]: idempotency key k1 was reused with different message bytes
      at fail (file:///home/jeffry/spexcode/.worktrees/session-protocol-de57/spikes/sqlite-m2/stubs/producer-minted-message-id.mjs:52:48)
      at insertMessage (file:///home/jeffry/spexcode/.worktrees/session-protocol-de57/spikes/sqlite-m2/stubs/producer-minted-message-id.mjs:536:11)
      at file:///home/jeffry/spexcode/.worktrees/session-protocol-de57/spikes/sqlite-m2/stubs/producer-minted-message-id.mjs:577:26
      at write (file:///home/jeffry/spexcode/.worktrees/session-protocol-de57/spikes/sqlite-m2/stubs/producer-minted-message-id.mjs:504:15)
      at Object.enqueue (file:///home/jeffry/spexcode/.worktrees/session-protocol-de57/spikes/sqlite-m2/stubs/producer-minted-message-id.mjs:577:14)
      at TestContext.<anonymous> (file:///home/jeffry/spexcode/.worktrees/session-protocol-de57/spikes/sqlite-m2/test/engine.test.mjs:319:25)
      at Test.runInAsyncScope (node:async_hooks:227:14)
      at Test.run (node:internal/test_runner/test:1201:25)
      at Test.processPendingSubtests (node:internal/test_runner/test:831:18)
      at Test.postRun (node:internal/test_runner/test:1330:19) {
    code: 'PROTOCOL_IDEMPOTENCY_CONFLICT',
    [cause]: undefined
  }

test at test/engine.test.mjs:329:1
✖ an honest retry must not be punished for minting a fresh message id (19.975148ms)
  Error [ProtocolError]: idempotency key retry was reused with different message bytes
      at fail (file:///home/jeffry/spexcode/.worktrees/session-protocol-de57/spikes/sqlite-m2/stubs/producer-minted-message-id.mjs:52:48)
      at insertMessage (file:///home/jeffry/spexcode/.worktrees/session-protocol-de57/spikes/sqlite-m2/stubs/producer-minted-message-id.mjs:536:11)
      at file:///home/jeffry/spexcode/.worktrees/session-protocol-de57/spikes/sqlite-m2/stubs/producer-minted-message-id.mjs:577:26
      at write (file:///home/jeffry/spexcode/.worktrees/session-protocol-de57/spikes/sqlite-m2/stubs/producer-minted-message-id.mjs:504:15)
      at Object.enqueue (file:///home/jeffry/spexcode/.worktrees/session-protocol-de57/spikes/sqlite-m2/stubs/producer-minted-message-id.mjs:577:14)
      at TestContext.<anonymous> (file:///home/jeffry/spexcode/.worktrees/session-protocol-de57/spikes/sqlite-m2/test/engine.test.mjs:335:24)
      at Test.runInAsyncScope (node:async_hooks:227:14)
      at Test.run (node:internal/test_runner/test:1201:25)
      at Test.processPendingSubtests (node:internal/test_runner/test:831:18)
      at Test.postRun (node:internal/test_runner/test:1330:19) {
    code: 'PROTOCOL_IDEMPOTENCY_CONFLICT',
    [cause]: undefined
  }

test at test/engine.test.mjs:409:1
✖ migration replay against an already-migrated database is a no-op (18.124104ms)
  TypeError: Cannot read properties of undefined (reading 'open')
      at rawOpen (file:///home/jeffry/spexcode/.worktrees/session-protocol-de57/spikes/sqlite-m2/test/engine.test.mjs:35:38)
      at TestContext.<anonymous> (file:///home/jeffry/spexcode/.worktrees/session-protocol-de57/spikes/sqlite-m2/test/engine.test.mjs:415:15)
      at Test.runInAsyncScope (node:async_hooks:227:14)
      at Test.run (node:internal/test_runner/test:1201:25)
      at Test.processPendingSubtests (node:internal/test_runner/test:831:18)
      at Test.postRun (node:internal/test_runner/test:1330:19)
      at Test.run (node:internal/test_runner/test:1258:12)
      at async Test.processPendingSubtests (node:internal/test_runner/test:831:7)

test at test/engine.test.mjs:420:1
✖ a rewritten migration checksum fails before any protocol read or write (15.359016ms)
  TypeError: Cannot read properties of undefined (reading 'open')
      at rawOpen (file:///home/jeffry/spexcode/.worktrees/session-protocol-de57/spikes/sqlite-m2/test/engine.test.mjs:35:38)
      at TestContext.<anonymous> (file:///home/jeffry/spexcode/.worktrees/session-protocol-de57/spikes/sqlite-m2/test/engine.test.mjs:423:15)
      at Test.runInAsyncScope (node:async_hooks:227:14)
      at Test.run (node:internal/test_runner/test:1201:25)
      at Test.processPendingSubtests (node:internal/test_runner/test:831:18)
      at Test.postRun (node:internal/test_runner/test:1330:19)
      at Test.run (node:internal/test_runner/test:1258:12)
      at async Test.processPendingSubtests (node:internal/test_runner/test:831:7)

test at test/engine.test.mjs:429:1
✖ a future schema generation is refused rather than half-understood (13.888695ms)
  TypeError: Cannot read properties of undefined (reading 'open')
      at rawOpen (file:///home/jeffry/spexcode/.worktrees/session-protocol-de57/spikes/sqlite-m2/test/engine.test.mjs:35:38)
      at TestContext.<anonymous> (file:///home/jeffry/spexcode/.worktrees/session-protocol-de57/spikes/sqlite-m2/test/engine.test.mjs:432:15)
      at Test.runInAsyncScope (node:async_hooks:227:14)
      at Test.run (node:internal/test_runner/test:1201:25)
      at Test.processPendingSubtests (node:internal/test_runner/test:831:18)
      at Test.postRun (node:internal/test_runner/test:1330:19)
      at Test.run (node:internal/test_runner/test:1258:12)
      at async Test.processPendingSubtests (node:internal/test_runner/test:831:7)

test at test/engine.test.mjs:438:1
✖ protocol tables the registry does not account for are a loud inconsistency (22.002729ms)
  TypeError: Cannot read properties of undefined (reading 'open')
      at rawOpen (file:///home/jeffry/spexcode/.worktrees/session-protocol-de57/spikes/sqlite-m2/test/engine.test.mjs:35:38)
      at TestContext.<anonymous> (file:///home/jeffry/spexcode/.worktrees/session-protocol-de57/spikes/sqlite-m2/test/engine.test.mjs:441:15)
      at Test.runInAsyncScope (node:async_hooks:227:14)
      at Test.run (node:internal/test_runner/test:1201:25)
      at Test.processPendingSubtests (node:internal/test_runner/test:831:18)
      at Test.postRun (node:internal/test_runner/test:1330:19)
      at Test.run (node:internal/test_runner/test:1258:12)
      at async Test.processPendingSubtests (node:internal/test_runner/test:831:7)

test at test/engine.test.mjs:448:1
✖ an adopter component may share schema_migrations without colliding (15.875446ms)
  TypeError: Cannot read properties of undefined (reading 'open')
      at rawOpen (file:///home/jeffry/spexcode/.worktrees/session-protocol-de57/spikes/sqlite-m2/test/engine.test.mjs:35:38)
      at TestContext.<anonymous> (file:///home/jeffry/spexcode/.worktrees/session-protocol-de57/spikes/sqlite-m2/test/engine.test.mjs:452:15)
      at Test.runInAsyncScope (node:async_hooks:227:14)
      at Test.run (node:internal/test_runner/test:1201:25)
      at Test.processPendingSubtests (node:internal/test_runner/test:831:18)
      at Test.postRun (node:internal/test_runner/test:1330:19)
      at Test.run (node:internal/test_runner/test:1258:12)
      at async Test.processPendingSubtests (node:internal/test_runner/test:831:7)

test at test/engine.test.mjs:516:1
✖ an adopter table mutation and enqueue commit or roll back together (17.946285ms)
  TypeError: Cannot read properties of undefined (reading 'open')
      at rawOpen (file:///home/jeffry/spexcode/.worktrees/session-protocol-de57/spikes/sqlite-m2/test/engine.test.mjs:35:38)
      at TestContext.<anonymous> (file:///home/jeffry/spexcode/.worktrees/session-protocol-de57/spikes/sqlite-m2/test/engine.test.mjs:520:15)
      at Test.runInAsyncScope (node:async_hooks:227:14)
      at Test.run (node:internal/test_runner/test:1201:25)
      at Test.processPendingSubtests (node:internal/test_runner/test:831:18)
      at Test.postRun (node:internal/test_runner/test:1330:19)
      at Test.run (node:internal/test_runner/test:1258:12)
      at async Test.processPendingSubtests (node:internal/test_runner/test:831:7)

test at test/engine.test.mjs:571:1
✖ write contention surfaces as a loud busy error, never as an empty result (22.378608ms)
  TypeError: Cannot read properties of undefined (reading 'open')
      at rawOpen (file:///home/jeffry/spexcode/.worktrees/session-protocol-de57/spikes/sqlite-m2/test/engine.test.mjs:35:38)
      at TestContext.<anonymous> (file:///home/jeffry/spexcode/.worktrees/session-protocol-de57/spikes/sqlite-m2/test/engine.test.mjs:579:18)
      at Test.runInAsyncScope (node:async_hooks:227:14)
      at Test.run (node:internal/test_runner/test:1201:25)
      at Test.processPendingSubtests (node:internal/test_runner/test:831:18)
      at Test.postRun (node:internal/test_runner/test:1330:19)
      at Test.run (node:internal/test_runner/test:1258:12)
      at async Test.processPendingSubtests (node:internal/test_runner/test:831:7)
exit=1
