✔ eight processes opening one fresh database migrate it exactly once (519.597259ms)
✔ repeated cold opens by eight processes never lose the first-open race (3269.108638ms)
✔ eight processes racing initialize on one address converge without duplication (476.377624ms)
✔ a cursor following concurrent writers never skips a committed message (4558.436397ms)
    3569 enqueues in 10.00s = 357/s, p50=2.831ms p99=6.987ms
✔ concurrent consumers of one queue split it without a double dequeue (4290.753457ms)
✔ short writes stay bounded: the write lock holds only SQL (10036.616552ms)
✔ open path: relative paths are rejected without consulting cwd (2.502838ms)
✔ open path: malformed absolute paths are rejected (21.80274ms)
✔ open path: a missing parent directory fails loudly and creates nothing (0.665969ms)
✔ open path: the database file itself is created when the parent exists (17.307529ms)
✔ open path: two symlinked paths to one database observe one committed state (28.063418ms)
✔ sqlite version gate compares numerically, not lexicographically (0.332422ms)
✔ the live driver satisfies the gate the engine enforces (0.408946ms)
✔ every connection asserts its mandatory pragmas by reading them back (23.986024ms)
✔ session ids: accepted and rejected character sets (30.846516ms)
✔ the address space is flat and global within one database path (29.790044ms)
✔ session ids: a non-string id is rejected in memory, never coerced by SQLite affinity (18.196648ms)
✔ initialize is idempotent and retirement is terminal (22.495165ms)
✔ enqueue to an unknown address fails and creates neither address nor message (16.04175ms)
✔ retirement keeps the tombstone and the whole history readable (28.905171ms)
✔ message_id is protocol-generated; a producer-supplied one is refused (1519.435192ms)
✔ payload_hash preimage is reproducible from the written specification alone (26.324069ms)
✔ header order on input never changes the hash; header keys are ASCII-only (26.964703ms)
✔ body must be explicit bytes; a string is not an encoding the protocol guesses (31.880955ms)
✔ body and headers round-trip byte-exactly, including embedded NULs (34.31058ms)
✔ exact idempotent replay returns the first row; changed bytes conflict (29.65111ms)
✔ an honest retry must not be punished for minting a fresh message id (21.038538ms)
✔ unkeyed messages coexist without limit (30.815812ms)
✔ FIFO order, and null means exactly one thing (33.126982ms)
✔ readMessages cursor is stable and validated (28.905139ms)
✔ size ceilings are enforced before any write (39.127967ms)
✔ each migration checksums only its own bytes (0.576789ms)
✔ migration replay against an already-migrated database is a no-op (20.466028ms)
✔ a rewritten migration checksum fails before any protocol read or write (23.667915ms)
✔ a future schema generation is refused rather than half-understood (24.981199ms)
✔ protocol tables the registry does not account for are a loud inconsistency (39.23739ms)
✔ an adopter component may share schema_migrations without colliding (36.323365ms)
✔ a read-only handle reads and refuses every write (26.620383ms)
✔ a read-only handle refuses an unmigrated database instead of guessing (9.614487ms)
✔ a corrupt database fails loudly and is never reported as an empty queue (650.36401ms)
✔ the transaction body is synchronous only: a promise-returning callback is refused (26.285128ms)
✔ an adopter table mutation and enqueue commit or roll back together (37.87108ms)
✔ every declared index is the one the planner actually uses (17.699645ms)
✔ the network-filesystem deny list is a table, not a guess (0.30763ms)
✔ write contention surfaces as a loud busy error, never as an empty result (136.097875ms)
✔ an unwritable database directory fails loudly at open (0.92076ms)
ℹ tests 46
ℹ suites 0
ℹ pass 46
ℹ fail 0
ℹ cancelled 0
ℹ skipped 0
ℹ todo 0
ℹ duration_ms 23252.39372
node:sqlite exit=0
