✔ open path: relative paths are rejected without consulting cwd (3.629858ms)
✔ open path: malformed absolute paths are rejected (38.269109ms)
✔ open path: a missing parent directory fails loudly and creates nothing (0.771494ms)
✔ open path: the database file itself is created when the parent exists (24.656377ms)
✔ open path: two symlinked paths to one database observe one committed state (37.528722ms)
✔ sqlite version gate compares numerically, not lexicographically (0.353837ms)
✔ the live driver satisfies the gate the engine enforces (0.66798ms)
✔ every connection asserts its mandatory pragmas by reading them back (28.511128ms)
✔ session ids: accepted and rejected character sets (37.65015ms)
✔ the address space is flat and global within one database path (38.480316ms)
✔ session ids: a non-string id is rejected in memory, never coerced by SQLite affinity (36.634267ms)
✔ initialize is idempotent and retirement is terminal (34.694893ms)
✔ enqueue to an unknown address fails and creates neither address nor message (22.81288ms)
✔ retirement keeps the tombstone and the whole history readable (31.165872ms)
✔ message_id is protocol-generated; a producer-supplied one is refused (1718.43712ms)
✔ payload_hash preimage is reproducible from the written specification alone (24.295316ms)
✔ header order on input never changes the hash; header keys are ASCII-only (23.045951ms)
✔ body must be explicit bytes; a string is not an encoding the protocol guesses (18.821292ms)
✔ body and headers round-trip byte-exactly, including embedded NULs (36.297923ms)
✔ exact idempotent replay returns the first row; changed bytes conflict (25.752692ms)
✔ an honest retry must not be punished for minting a fresh message id (26.807866ms)
✔ unkeyed messages coexist without limit (42.003566ms)
✔ FIFO order, and null means exactly one thing (38.047447ms)
✔ readMessages cursor is stable and validated (38.168516ms)
✔ size ceilings are enforced before any write (42.109385ms)
✔ each migration checksums only its own bytes (0.566462ms)
✔ migration replay against an already-migrated database is a no-op (26.216779ms)
✔ a rewritten migration checksum fails before any protocol read or write (34.678611ms)
✔ a future schema generation is refused rather than half-understood (40.221836ms)
✔ protocol tables the registry does not account for are a loud inconsistency (40.396879ms)
✔ an adopter component may share schema_migrations without colliding (60.883644ms)
✔ a read-only handle reads and refuses every write (35.190445ms)
✔ a read-only handle refuses an unmigrated database instead of guessing (1.702962ms)
✔ a corrupt database fails loudly and is never reported as an empty queue (708.784839ms)
✔ the transaction body is synchronous only: a promise-returning callback is refused (22.606961ms)
✔ an adopter table mutation and enqueue commit or roll back together (31.654088ms)
✔ every declared index is the one the planner actually uses (18.164147ms)
✔ the network-filesystem deny list is a table, not a guess (0.398285ms)
✔ write contention surfaces as a loud busy error, never as an empty result (132.49025ms)
✔ an unwritable database directory fails loudly at open (3.109753ms)
ℹ tests 40
ℹ suites 0
ℹ pass 40
ℹ fail 0
ℹ cancelled 0
ℹ skipped 0
ℹ todo 0
ℹ duration_ms 3716.814006
better-sqlite3 exit=0
